../Core/Src/main.c:90:5:main	24	static
../Core/Src/main.c:254:6:SystemClock_Config	88	static
../Core/Src/main.c:309:13:MX_ADC1_Init	24	static
../Core/Src/main.c:361:13:MX_DAC_Init	16	static
../Core/Src/main.c:401:13:MX_TIM2_Init	32	static
../Core/Src/main.c:446:13:MX_TIM3_Init	32	static
../Core/Src/main.c:491:13:MX_USART2_UART_Init	8	static
../Core/Src/main.c:522:13:MX_DMA_Init	16	static
../Core/Src/main.c:540:13:MX_GPIO_Init	40	static
../Core/Src/main.c:573:6:autocorr	40	static
../Core/Src/main.c:596:9:calculateAverage	32	static
../Core/Src/main.c:605:6:HAL_ADC_ConvCpltCallback	16	static
../Core/Src/main.c:629:6:HAL_TIM_PeriodElapsedCallback	24	static
../Core/Src/main.c:672:6:Error_Handler	4	static,ignoring_inline_asm
