../Core/Src/main.c:89:5:main	24	static
../Core/Src/main.c:242:6:SystemClock_Config	88	static
../Core/Src/main.c:297:13:MX_ADC1_Init	24	static
../Core/Src/main.c:349:13:MX_DAC_Init	16	static
../Core/Src/main.c:389:13:MX_TIM2_Init	32	static
../Core/Src/main.c:434:13:MX_TIM3_Init	32	static
../Core/Src/main.c:479:13:MX_USART2_UART_Init	8	static
../Core/Src/main.c:510:13:MX_DMA_Init	16	static
../Core/Src/main.c:528:13:MX_GPIO_Init	40	static
../Core/Src/main.c:561:6:autocorr	40	static
../Core/Src/main.c:584:9:calculateAverage	32	static
../Core/Src/main.c:593:6:HAL_ADC_ConvCpltCallback	16	static
../Core/Src/main.c:617:6:HAL_TIM_PeriodElapsedCallback	16	static
../Core/Src/main.c:660:6:Error_Handler	4	static,ignoring_inline_asm
