../Core/Src/main.c:93:5:main	40	static
../Core/Src/main.c:239:6:SystemClock_Config	88	static
../Core/Src/main.c:287:13:MX_ADC1_Init	24	static
../Core/Src/main.c:339:13:MX_DAC_Init	16	static
../Core/Src/main.c:379:13:MX_TIM2_Init	32	static
../Core/Src/main.c:424:13:MX_TIM3_Init	32	static
../Core/Src/main.c:469:13:MX_USART2_UART_Init	8	static
../Core/Src/main.c:500:13:MX_DMA_Init	16	static
../Core/Src/main.c:518:13:MX_GPIO_Init	40	static
../Core/Src/main.c:549:6:autocorr	40	static
../Core/Src/main.c:575:9:calculateAverage	56	static
../Core/Src/main.c:585:6:HAL_ADC_ConvCpltCallback	16	static
../Core/Src/main.c:608:6:HAL_DAC_DMAUnderrunCallbackCh1	24	static
../Core/Src/main.c:619:6:Error_Handler	4	static,ignoring_inline_asm
