../Core/Src/main.c:92:5:main	32	static
../Core/Src/main.c:219:6:SystemClock_Config	88	static
../Core/Src/main.c:267:13:MX_ADC1_Init	24	static
../Core/Src/main.c:319:13:MX_DAC_Init	16	static
../Core/Src/main.c:359:13:MX_TIM2_Init	32	static
../Core/Src/main.c:404:13:MX_TIM3_Init	32	static
../Core/Src/main.c:449:13:MX_USART2_UART_Init	8	static
../Core/Src/main.c:480:13:MX_DMA_Init	16	static
../Core/Src/main.c:498:13:MX_GPIO_Init	40	static
../Core/Src/main.c:529:6:autocorr	40	static
../Core/Src/main.c:555:9:calculateAverage	56	static
../Core/Src/main.c:565:6:HAL_ADC_ConvCpltCallback	16	static
../Core/Src/main.c:588:6:HAL_DAC_DMAUnderrunCallbackCh1	24	static
../Core/Src/main.c:599:6:Error_Handler	4	static,ignoring_inline_asm
